// Jest Snapshot v1, https://goo.gl/fbAQLP

exports[`ExampleComponent should mount without crashing 1`] = `
<div class="container">
  <div class="row justify-content-center">
    <div class="col-md-8">
      <div class="card">
        <div class="card-header">Example Component</div>
        <div class="card-body">

        </div>
      </div>
    </div>
  </div>
</div>
`;

exports[`ExampleComponent.vue should mount without crashing 1`] = `
<div class="container">
  <div class="row justify-content-center">
    <div class="col-md-8">
      <div class="card">
        <div class="card-header">Example Component</div>
        <div class="card-body">

        </div>
      </div>
    </div>
  </div>
</div>
`;
